/
/
Jest
Snapshot
v1
https
:
/
/
goo
.
gl
/
fbAQLP
exports
[
Badge
component
:
basic
render
1
]
=
"
<
button
aria
-
pressed
=
\
\
"
false
\
\
"
class
=
\
\
"
audit
-
badge
badge
toggle
-
button
\
\
"
>
Contrast
<
/
button
>
"
;
