/
/
Jest
Snapshot
v1
https
:
/
/
goo
.
gl
/
fbAQLP
exports
[
ManifestPage
renders
the
expected
snapshot
1
]
=
<
section
className
=
"
app
-
page
"
>
<
Connect
(
ManifestLoader
)
/
>
<
Manifest
icons
=
{
Array
[
Object
{
"
key
"
:
"
16x16
"
"
value
"
:
"
https
:
/
/
design
.
firefox
.
com
/
icons
/
icons
/
desktop
/
default
-
browser
-
16
.
svg
"
}
Object
{
"
key
"
:
"
32x32
"
"
value
"
:
"
https
:
/
/
design
.
firefox
.
com
/
icons
/
icons
/
desktop
/
default
-
browser
-
16
.
svg
"
}
Object
{
"
key
"
:
"
64x64
"
"
value
"
:
"
https
:
/
/
design
.
firefox
.
com
/
icons
/
icons
/
desktop
/
default
-
browser
-
16
.
svg
"
}
]
}
identity
=
{
Array
[
Object
{
"
key
"
:
"
name
"
"
value
"
:
"
Name
is
a
verrry
long
name
and
the
name
is
longer
tha
you
thinnk
because
it
is
loooooooooooooooooooooooooooooooooooooooooooooooong
"
}
Object
{
"
key
"
:
"
short_name
"
"
value
"
:
"
Na
"
}
]
}
presentation
=
{
Array
[
Object
{
"
key
"
:
"
display
"
"
value
"
:
"
browser
"
}
Object
{
"
key
"
:
"
orientation
"
"
value
"
:
"
landscape
"
}
Object
{
"
key
"
:
"
start_url
"
"
value
"
:
"
root
"
}
Object
{
"
key
"
:
"
theme_color
"
"
value
"
:
"
#
345
"
}
Object
{
"
key
"
:
"
background_color
"
"
value
"
:
"
#
F9D
"
}
]
}
warnings
=
{
Array
[
Object
{
"
warn
"
:
"
Icons
item
at
index
0
is
invalid
.
"
}
Object
{
"
warn
"
:
"
Icons
item
at
index
2
is
invalid
.
Icons
item
at
index
2
is
invalid
.
Icons
item
at
index
2
is
invalid
.
Icons
item
at
index
2
is
invalid
.
"
}
]
}
/
>
<
/
section
>
;
