/
/
Jest
Snapshot
v1
https
:
/
/
goo
.
gl
/
fbAQLP
exports
[
Sidebar
renders
the
expected
snapshot
1
]
=
<
aside
className
=
"
sidebar
"
>
<
ul
className
=
"
sidebar__list
"
>
<
SidebarItem
key
=
"
sidebar
-
item
-
manifest
"
page
=
"
manifest
"
/
>
<
SidebarItem
key
=
"
sidebar
-
item
-
service
-
workers
"
page
=
"
service
-
workers
"
/
>
<
/
ul
>
<
/
aside
>
;
