/
/
Jest
Snapshot
v1
https
:
/
/
goo
.
gl
/
fbAQLP
exports
[
createEditor
Adds
codeFolding
1
]
=
Object
{
"
autoCloseBrackets
"
:
"
(
)
[
]
{
}
'
'
\
\
"
\
\
"
\
\
"
"
autoCloseBracketsSaved
"
:
"
(
)
[
]
{
}
'
'
\
\
"
\
\
"
\
\
"
"
autoCloseEnabled
"
:
false
"
autocomplete
"
:
false
"
autocompleteOpts
"
:
Object
{
}
"
cm6
"
:
false
"
contextMenu
"
:
null
"
cssProperties
"
:
null
"
cursorBlinkRate
"
:
530
"
disableSearchAddon
"
:
false
"
enableCodeFolding
"
:
true
"
extraKeys
"
:
Object
{
"
'
'
"
:
false
"
Alt
-
B
"
:
false
"
Alt
-
Down
"
:
[
Function
]
"
Alt
-
F
"
:
false
"
Alt
-
Up
"
:
[
Function
]
"
Cmd
-
F
"
:
false
"
Cmd
-
G
"
:
false
"
Ctrl
-
/
"
:
"
toggleComment
"
"
Ctrl
-
F
"
:
false
"
Ctrl
-
G
"
:
false
"
Ctrl
-
J
"
:
[
Function
]
"
Ctrl
-
U
"
:
false
"
Ctrl
-
[
"
:
false
"
Ctrl
-
]
"
:
false
"
Esc
"
:
false
"
Tab
"
:
[
Function
]
}
"
foldGutter
"
:
true
"
gutters
"
:
Array
[
"
breakpoints
"
"
hit
-
markers
"
"
CodeMirror
-
linenumbers
"
"
CodeMirror
-
foldgutter
"
]
"
highlightSelectionMatches
"
:
Object
{
"
wordsOnly
"
:
true
}
"
indentUnit
"
:
2
"
indentWithTabs
"
:
true
"
inputStyle
"
:
"
accessibleTextArea
"
"
lineNumbers
"
:
true
"
lineWrapping
"
:
false
"
matchBrackets
"
:
true
"
maxHighlightLength
"
:
1000
"
mode
"
:
Object
{
"
name
"
:
"
javascript
"
}
"
pollInterval
"
:
2147483647
"
readOnly
"
:
true
"
showAnnotationRuler
"
:
true
"
specialCharPlaceholder
"
:
[
Function
]
"
specialChars
"
:
/
\
\
[
\
\
\
\
u0000
-
\
\
\
\
u001f
\
\
\
\
u007f
-
\
\
\
\
u009f
\
\
\
\
u00ad
\
\
\
\
u061c
\
\
\
\
u200b
-
\
\
\
\
u200f
\
\
\
\
u2028
\
\
\
\
u2029
\
\
\
\
u202d
\
\
\
\
u202e
\
\
\
\
u2066
\
\
\
\
u2067
\
\
\
\
u2069
\
\
\
\
ufeff
\
\
\
\
ufff9
-
\
\
\
\
ufffc
\
\
]
/
"
styleActiveLine
"
:
false
"
tabSize
"
:
2
"
theme
"
:
"
mozilla
"
"
themeSwitching
"
:
true
"
value
"
:
"
"
}
;
exports
[
createEditor
SourceEditor
default
config
1
]
=
Object
{
"
autoCloseBrackets
"
:
"
(
)
[
]
{
}
'
'
\
\
"
\
\
"
\
\
"
"
autoCloseBracketsSaved
"
:
"
(
)
[
]
{
}
'
'
\
\
"
\
\
"
\
\
"
"
autoCloseEnabled
"
:
false
"
autocomplete
"
:
false
"
autocompleteOpts
"
:
Object
{
}
"
cm6
"
:
false
"
contextMenu
"
:
null
"
cssProperties
"
:
null
"
cursorBlinkRate
"
:
530
"
disableSearchAddon
"
:
false
"
enableCodeFolding
"
:
false
"
extraKeys
"
:
Object
{
"
'
'
"
:
false
"
Alt
-
B
"
:
false
"
Alt
-
Down
"
:
[
Function
]
"
Alt
-
F
"
:
false
"
Alt
-
Up
"
:
[
Function
]
"
Cmd
-
F
"
:
false
"
Cmd
-
G
"
:
false
"
Ctrl
-
/
"
:
"
toggleComment
"
"
Ctrl
-
F
"
:
false
"
Ctrl
-
G
"
:
false
"
Ctrl
-
J
"
:
[
Function
]
"
Ctrl
-
U
"
:
false
"
Ctrl
-
[
"
:
false
"
Ctrl
-
]
"
:
false
"
Esc
"
:
false
"
Tab
"
:
[
Function
]
}
"
foldGutter
"
:
false
"
gutters
"
:
Array
[
"
breakpoints
"
"
hit
-
markers
"
"
CodeMirror
-
linenumbers
"
]
"
highlightSelectionMatches
"
:
Object
{
"
wordsOnly
"
:
true
}
"
indentUnit
"
:
2
"
indentWithTabs
"
:
true
"
inputStyle
"
:
"
accessibleTextArea
"
"
lineNumbers
"
:
true
"
lineWrapping
"
:
false
"
matchBrackets
"
:
true
"
maxHighlightLength
"
:
1000
"
mode
"
:
Object
{
"
name
"
:
"
javascript
"
}
"
pollInterval
"
:
2147483647
"
readOnly
"
:
true
"
showAnnotationRuler
"
:
true
"
specialCharPlaceholder
"
:
[
Function
]
"
specialChars
"
:
/
\
\
[
\
\
\
\
u0000
-
\
\
\
\
u001f
\
\
\
\
u007f
-
\
\
\
\
u009f
\
\
\
\
u00ad
\
\
\
\
u061c
\
\
\
\
u200b
-
\
\
\
\
u200f
\
\
\
\
u2028
\
\
\
\
u2029
\
\
\
\
u202d
\
\
\
\
u202e
\
\
\
\
u2066
\
\
\
\
u2067
\
\
\
\
u2069
\
\
\
\
ufeff
\
\
\
\
ufff9
-
\
\
\
\
ufffc
\
\
]
/
"
styleActiveLine
"
:
false
"
tabSize
"
:
2
"
theme
"
:
"
mozilla
"
"
themeSwitching
"
:
true
"
value
"
:
"
"
}
;
