/
/
Jest
Snapshot
v1
https
:
/
/
goo
.
gl
/
fbAQLP
exports
[
IssueItem
component
renders
an
issue
of
CSS
property
1
]
=
<
li
key
=
"
test
-
property
"
>
<
a
href
=
"
test
-
url
"
onClick
=
{
[
Function
]
}
title
=
"
test
-
url
"
>
test
-
property
<
/
a
>
<
/
li
>
;
