/
/
Jest
Snapshot
v1
https
:
/
/
goo
.
gl
/
fbAQLP
exports
[
Accordion
basic
render
1
]
=
<
div
className
=
"
accordion
"
>
<
aside
aria
-
labelledby
=
"
accordion
-
item
-
1
"
className
=
"
accordion
-
item
-
1
"
key
=
"
accordion
-
item
-
1
"
>
<
h2
className
=
"
_header
"
onClick
=
{
[
Function
]
}
onKeyDown
=
{
[
Function
]
}
tabIndex
=
"
0
"
>
<
AccessibleImage
className
=
"
arrow
expanded
"
/
>
<
span
className
=
"
header
-
label
"
id
=
"
accordion
-
item
-
1
"
>
Test
Accordion
Item
1
<
/
span
>
<
/
h2
>
<
div
className
=
"
_content
"
>
<
div
/
>
<
/
div
>
<
/
aside
>
<
aside
aria
-
labelledby
=
"
accordion
-
item
-
2
"
className
=
"
accordion
-
item
-
2
"
key
=
"
accordion
-
item
-
2
"
>
<
h2
className
=
"
_header
"
onClick
=
{
[
Function
]
}
onKeyDown
=
{
[
Function
]
}
tabIndex
=
"
0
"
>
<
AccessibleImage
className
=
"
arrow
"
/
>
<
span
className
=
"
header
-
label
"
id
=
"
accordion
-
item
-
2
"
>
Test
Accordion
Item
2
<
/
span
>
<
div
className
=
"
header
-
buttons
"
tabIndex
=
"
-
1
"
>
<
button
/
>
<
/
div
>
<
/
h2
>
<
/
aside
>
<
aside
aria
-
labelledby
=
"
accordion
-
item
-
3
"
className
=
"
accordion
-
item
-
3
"
key
=
"
accordion
-
item
-
3
"
>
<
h2
className
=
"
_header
"
onClick
=
{
[
Function
]
}
onKeyDown
=
{
[
Function
]
}
tabIndex
=
"
0
"
>
<
AccessibleImage
className
=
"
arrow
expanded
"
/
>
<
span
className
=
"
header
-
label
"
id
=
"
accordion
-
item
-
3
"
>
Test
Accordion
Item
3
<
/
span
>
<
/
h2
>
<
div
className
=
"
_content
"
>
<
div
/
>
<
/
div
>
<
/
aside
>
<
/
div
>
;
